// Jest Snapshot v1, https://goo.gl/fbAQLP

exports[`CartScreen shows remove order popup for order quantity === 1 1`] = `
Object {
  "orderToRemove": Object {
    "deliveryType": "1",
    "price": 3.49,
    "productCode": "1",
    "quantity": 1,
    "thumbnail_image": "image",
    "title": "Type 1 code 1",
  },
  "removeOrderPopupVisible": true,
}
`;

exports[`CartScreen shows remove order popup for order quantity === 1 2`] = `
Object {
  "orderToRemove": null,
  "removeOrderPopupVisible": false,
}
`;
