// Jest Snapshot v1, https://goo.gl/fbAQLP

exports[`HomeScreen renders correctly 1`] = `
ShallowWrapper {
  "complexSelector": ComplexSelector {
    "buildPredicate": [Function],
    "childrenOfNode": [Function],
    "findWhereUnwrapped": [Function],
  },
  "length": 1,
  "node": <View
    style={
        Object {
            "backgroundColor": "#fff",
            "flex": 1,
          }
    }
>
    <Image
        source={
            Object {
                "uri": "https://source.unsplash.com/random/800x600",
              }
        }
        style={
            Object {
                "alignItems": "center",
                "height": 200,
                "justifyContent": "center",
              }
        }
    >
        <View
            style={
                Array [
                    Object {
                      "bottom": 0,
                      "left": 0,
                      "position": "absolute",
                      "right": 0,
                      "top": 0,
                    },
                    Object {
                      "backgroundColor": "rgba(0, 0, 0, 0.5)",
                    },
                  ]
            }
        />
        <View>
            <Text
                accessible={true}
                allowFontScaling={true}
                ellipsizeMode="tail"
                style={
                    Object {
                        "backgroundColor": "transparent",
                        "color": "white",
                        "fontSize": 30,
                        "textAlign": "center",
                      }
                }
            >
                Recommended
            </Text>
            <Text
                accessible={true}
                allowFontScaling={true}
                ellipsizeMode="tail"
                style={
                    Object {
                        "backgroundColor": "transparent",
                        "color": "white",
                        "fontSize": 16,
                        "textAlign": "center",
                      }
                }
            >
                215 items
            </Text>
        </View>
    </Image>
    <ScrollViewMock
        contentContainerStyle={
            Object {
                "alignItems": "center",
                "justifyContent": "center",
                "paddingLeft": 15,
              }
        }
        horizontal={true}
        style={
            Object {
                "height": 100,
              }
        }
    >
        <TouchableOpacity
            activeOpacity={0.2}
            focusedOpacity={0.7}
            onPress={[Function]}
            style={
                Array [
                    Object {
                      "alignItems": "center",
                      "borderColor": "#b2b2b2",
                      "borderRadius": 50,
                      "borderWidth": 1,
                      "height": 43,
                      "justifyContent": "center",
                      "marginRight": 15,
                      "minWidth": 130,
                      "paddingVertical": 12,
                    },
                    Object {
                      "backgroundColor": "#cccccc",
                      "borderColor": "#cccccc",
                    },
                  ]
            }
        >
            <Text
                accessible={true}
                allowFontScaling={true}
                ellipsizeMode="tail"
                style={
                    Array [
                        Object {
                          "color": "#b2b2b2",
                          "fontSize": 18,
                        },
                        Object {
                          "color": "#fff",
                        },
                      ]
                }
            >
                For You
            </Text>
        </TouchableOpacity>
        <TouchableOpacity
            activeOpacity={0.2}
            focusedOpacity={0.7}
            onPress={[Function]}
            style={
                Array [
                    Object {
                      "alignItems": "center",
                      "borderColor": "#b2b2b2",
                      "borderRadius": 50,
                      "borderWidth": 1,
                      "height": 43,
                      "justifyContent": "center",
                      "marginRight": 15,
                      "minWidth": 130,
                      "paddingVertical": 12,
                    },
                    null,
                  ]
            }
        >
            <Text
                accessible={true}
                allowFontScaling={true}
                ellipsizeMode="tail"
                style={
                    Array [
                        Object {
                          "color": "#b2b2b2",
                          "fontSize": 18,
                        },
                        null,
                      ]
                }
            >
                Food
            </Text>
        </TouchableOpacity>
    </ScrollViewMock>
    <ProductList
        callAddToCart={[Function]}
        cart={
            Object {
                "totalProducts": 0,
              }
        }
        products={
            Array [
                Object {
                  "price": "$3.49",
                  "productCode": "1",
                  "quantity": 1,
                  "thumbnail_image": "image",
                  "title": "Type 1 code 1",
                },
              ]
        }
    />
</View>,
  "nodes": Array [
    <View
      style={
            Object {
                  "backgroundColor": "#fff",
                  "flex": 1,
                }
      }
>
      <Image
            source={
                  Object {
                        "uri": "https://source.unsplash.com/random/800x600",
                      }
            }
            style={
                  Object {
                        "alignItems": "center",
                        "height": 200,
                        "justifyContent": "center",
                      }
            }
      >
            <View
                  style={
                        Array [
                              Object {
                                "bottom": 0,
                                "left": 0,
                                "position": "absolute",
                                "right": 0,
                                "top": 0,
                              },
                              Object {
                                "backgroundColor": "rgba(0, 0, 0, 0.5)",
                              },
                            ]
                  }
            />
            <View>
                  <Text
                        accessible={true}
                        allowFontScaling={true}
                        ellipsizeMode="tail"
                        style={
                              Object {
                                    "backgroundColor": "transparent",
                                    "color": "white",
                                    "fontSize": 30,
                                    "textAlign": "center",
                                  }
                        }
                  >
                        Recommended
                  </Text>
                  <Text
                        accessible={true}
                        allowFontScaling={true}
                        ellipsizeMode="tail"
                        style={
                              Object {
                                    "backgroundColor": "transparent",
                                    "color": "white",
                                    "fontSize": 16,
                                    "textAlign": "center",
                                  }
                        }
                  >
                        215 items
                  </Text>
            </View>
      </Image>
      <ScrollViewMock
            contentContainerStyle={
                  Object {
                        "alignItems": "center",
                        "justifyContent": "center",
                        "paddingLeft": 15,
                      }
            }
            horizontal={true}
            style={
                  Object {
                        "height": 100,
                      }
            }
      >
            <TouchableOpacity
                  activeOpacity={0.2}
                  focusedOpacity={0.7}
                  onPress={[Function]}
                  style={
                        Array [
                              Object {
                                "alignItems": "center",
                                "borderColor": "#b2b2b2",
                                "borderRadius": 50,
                                "borderWidth": 1,
                                "height": 43,
                                "justifyContent": "center",
                                "marginRight": 15,
                                "minWidth": 130,
                                "paddingVertical": 12,
                              },
                              Object {
                                "backgroundColor": "#cccccc",
                                "borderColor": "#cccccc",
                              },
                            ]
                  }
            >
                  <Text
                        accessible={true}
                        allowFontScaling={true}
                        ellipsizeMode="tail"
                        style={
                              Array [
                                    Object {
                                      "color": "#b2b2b2",
                                      "fontSize": 18,
                                    },
                                    Object {
                                      "color": "#fff",
                                    },
                                  ]
                        }
                  >
                        For You
                  </Text>
            </TouchableOpacity>
            <TouchableOpacity
                  activeOpacity={0.2}
                  focusedOpacity={0.7}
                  onPress={[Function]}
                  style={
                        Array [
                              Object {
                                "alignItems": "center",
                                "borderColor": "#b2b2b2",
                                "borderRadius": 50,
                                "borderWidth": 1,
                                "height": 43,
                                "justifyContent": "center",
                                "marginRight": 15,
                                "minWidth": 130,
                                "paddingVertical": 12,
                              },
                              null,
                            ]
                  }
            >
                  <Text
                        accessible={true}
                        allowFontScaling={true}
                        ellipsizeMode="tail"
                        style={
                              Array [
                                    Object {
                                      "color": "#b2b2b2",
                                      "fontSize": 18,
                                    },
                                    null,
                                  ]
                        }
                  >
                        Food
                  </Text>
            </TouchableOpacity>
      </ScrollViewMock>
      <ProductList
            callAddToCart={[Function]}
            cart={
                  Object {
                        "totalProducts": 0,
                      }
            }
            products={
                  Array [
                        Object {
                          "price": "$3.49",
                          "productCode": "1",
                          "quantity": 1,
                          "thumbnail_image": "image",
                          "title": "Type 1 code 1",
                        },
                      ]
            }
      />
</View>,
  ],
  "options": Object {
    "context": Object {
      "store": Object {
        "clearActions": [Function],
        "dispatch": [Function],
        "getActions": [Function],
        "getState": [Function],
        "replaceReducer": [Function],
        "subscribe": [Function],
      },
    },
  },
  "renderer": ReactShallowRenderer {
    "_instance": ShallowComponentWrapper {
      "_calledComponentWillUnmount": false,
      "_compositeType": 0,
      "_context": Object {
        "store": Object {
          "clearActions": [Function],
          "dispatch": [Function],
          "getActions": [Function],
          "getState": [Function],
          "replaceReducer": [Function],
          "subscribe": [Function],
        },
      },
      "_currentElement": <HomeScreen
        addToCart={[Function]}
        cart={
                Object {
                        "totalProducts": 0,
                      }
        }
        deliveryType="1"
        products={
                Array [
                        Object {
                          "price": "$3.49",
                          "productCode": "1",
                          "quantity": 1,
                          "thumbnail_image": "image",
                          "title": "Type 1 code 1",
                        },
                      ]
        }
        selectFilter={[Function]}
/>,
      "_debugID": 3,
      "_hostContainerInfo": null,
      "_hostParent": null,
      "_instance": HomeScreen {
        "_reactInternalInstance": [Circular],
        "callAddToCart": [Function],
        "context": Object {},
        "goToCheckout": [Function],
        "props": Object {
          "addToCart": [Function],
          "cart": Object {
            "totalProducts": 0,
          },
          "deliveryType": "1",
          "products": Array [
            Object {
              "price": "$3.49",
              "productCode": "1",
              "quantity": 1,
              "thumbnail_image": "image",
              "title": "Type 1 code 1",
            },
          ],
          "selectFilter": [Function],
        },
        "refs": Object {},
        "renderFilter": [Function],
        "state": null,
        "updater": Object {
          "enqueueCallback": [Function],
          "enqueueCallbackInternal": [Function],
          "enqueueElementInternal": [Function],
          "enqueueForceUpdate": [Function],
          "enqueueReplaceState": [Function],
          "enqueueSetState": [Function],
          "isMounted": [Function],
          "validateCallback": [Function],
        },
      },
      "_mountOrder": 2,
      "_pendingCallbacks": null,
      "_pendingElement": null,
      "_pendingForceUpdate": false,
      "_pendingReplaceState": false,
      "_pendingStateQueue": null,
      "_renderedComponent": NoopInternalComponent {
        "_currentElement": <View
          style={
                    Object {
                              "backgroundColor": "#fff",
                              "flex": 1,
                            }
          }
>
          <Image
                    source={
                              Object {
                                        "uri": "https://source.unsplash.com/random/800x600",
                                      }
                    }
                    style={
                              Object {
                                        "alignItems": "center",
                                        "height": 200,
                                        "justifyContent": "center",
                                      }
                    }
          >
                    <View
                              style={
                                        Array [
                                                  Object {
                                                    "bottom": 0,
                                                    "left": 0,
                                                    "position": "absolute",
                                                    "right": 0,
                                                    "top": 0,
                                                  },
                                                  Object {
                                                    "backgroundColor": "rgba(0, 0, 0, 0.5)",
                                                  },
                                                ]
                              }
                    />
                    <View>
                              <Text
                                        accessible={true}
                                        allowFontScaling={true}
                                        ellipsizeMode="tail"
                                        style={
                                                  Object {
                                                            "backgroundColor": "transparent",
                                                            "color": "white",
                                                            "fontSize": 30,
                                                            "textAlign": "center",
                                                          }
                                        }
                              >
                                        Recommended
                              </Text>
                              <Text
                                        accessible={true}
                                        allowFontScaling={true}
                                        ellipsizeMode="tail"
                                        style={
                                                  Object {
                                                            "backgroundColor": "transparent",
                                                            "color": "white",
                                                            "fontSize": 16,
                                                            "textAlign": "center",
                                                          }
                                        }
                              >
                                        215 items
                              </Text>
                    </View>
          </Image>
          <ScrollViewMock
                    contentContainerStyle={
                              Object {
                                        "alignItems": "center",
                                        "justifyContent": "center",
                                        "paddingLeft": 15,
                                      }
                    }
                    horizontal={true}
                    style={
                              Object {
                                        "height": 100,
                                      }
                    }
          >
                    <TouchableOpacity
                              activeOpacity={0.2}
                              focusedOpacity={0.7}
                              onPress={[Function]}
                              style={
                                        Array [
                                                  Object {
                                                    "alignItems": "center",
                                                    "borderColor": "#b2b2b2",
                                                    "borderRadius": 50,
                                                    "borderWidth": 1,
                                                    "height": 43,
                                                    "justifyContent": "center",
                                                    "marginRight": 15,
                                                    "minWidth": 130,
                                                    "paddingVertical": 12,
                                                  },
                                                  Object {
                                                    "backgroundColor": "#cccccc",
                                                    "borderColor": "#cccccc",
                                                  },
                                                ]
                              }
                    >
                              <Text
                                        accessible={true}
                                        allowFontScaling={true}
                                        ellipsizeMode="tail"
                                        style={
                                                  Array [
                                                            Object {
                                                              "color": "#b2b2b2",
                                                              "fontSize": 18,
                                                            },
                                                            Object {
                                                              "color": "#fff",
                                                            },
                                                          ]
                                        }
                              >
                                        For You
                              </Text>
                    </TouchableOpacity>
                    <TouchableOpacity
                              activeOpacity={0.2}
                              focusedOpacity={0.7}
                              onPress={[Function]}
                              style={
                                        Array [
                                                  Object {
                                                    "alignItems": "center",
                                                    "borderColor": "#b2b2b2",
                                                    "borderRadius": 50,
                                                    "borderWidth": 1,
                                                    "height": 43,
                                                    "justifyContent": "center",
                                                    "marginRight": 15,
                                                    "minWidth": 130,
                                                    "paddingVertical": 12,
                                                  },
                                                  null,
                                                ]
                              }
                    >
                              <Text
                                        accessible={true}
                                        allowFontScaling={true}
                                        ellipsizeMode="tail"
                                        style={
                                                  Array [
                                                            Object {
                                                              "color": "#b2b2b2",
                                                              "fontSize": 18,
                                                            },
                                                            null,
                                                          ]
                                        }
                              >
                                        Food
                              </Text>
                    </TouchableOpacity>
          </ScrollViewMock>
          <ProductList
                    callAddToCart={[Function]}
                    cart={
                              Object {
                                        "totalProducts": 0,
                                      }
                    }
                    products={
                              Array [
                                        Object {
                                          "price": "$3.49",
                                          "productCode": "1",
                                          "quantity": 1,
                                          "thumbnail_image": "image",
                                          "title": "Type 1 code 1",
                                        },
                                      ]
                    }
          />
</View>,
        "_debugID": 4,
        "_renderedOutput": <View
          style={
                    Object {
                              "backgroundColor": "#fff",
                              "flex": 1,
                            }
          }
>
          <Image
                    source={
                              Object {
                                        "uri": "https://source.unsplash.com/random/800x600",
                                      }
                    }
                    style={
                              Object {
                                        "alignItems": "center",
                                        "height": 200,
                                        "justifyContent": "center",
                                      }
                    }
          >
                    <View
                              style={
                                        Array [
                                                  Object {
                                                    "bottom": 0,
                                                    "left": 0,
                                                    "position": "absolute",
                                                    "right": 0,
                                                    "top": 0,
                                                  },
                                                  Object {
                                                    "backgroundColor": "rgba(0, 0, 0, 0.5)",
                                                  },
                                                ]
                              }
                    />
                    <View>
                              <Text
                                        accessible={true}
                                        allowFontScaling={true}
                                        ellipsizeMode="tail"
                                        style={
                                                  Object {
                                                            "backgroundColor": "transparent",
                                                            "color": "white",
                                                            "fontSize": 30,
                                                            "textAlign": "center",
                                                          }
                                        }
                              >
                                        Recommended
                              </Text>
                              <Text
                                        accessible={true}
                                        allowFontScaling={true}
                                        ellipsizeMode="tail"
                                        style={
                                                  Object {
                                                            "backgroundColor": "transparent",
                                                            "color": "white",
                                                            "fontSize": 16,
                                                            "textAlign": "center",
                                                          }
                                        }
                              >
                                        215 items
                              </Text>
                    </View>
          </Image>
          <ScrollViewMock
                    contentContainerStyle={
                              Object {
                                        "alignItems": "center",
                                        "justifyContent": "center",
                                        "paddingLeft": 15,
                                      }
                    }
                    horizontal={true}
                    style={
                              Object {
                                        "height": 100,
                                      }
                    }
          >
                    <TouchableOpacity
                              activeOpacity={0.2}
                              focusedOpacity={0.7}
                              onPress={[Function]}
                              style={
                                        Array [
                                                  Object {
                                                    "alignItems": "center",
                                                    "borderColor": "#b2b2b2",
                                                    "borderRadius": 50,
                                                    "borderWidth": 1,
                                                    "height": 43,
                                                    "justifyContent": "center",
                                                    "marginRight": 15,
                                                    "minWidth": 130,
                                                    "paddingVertical": 12,
                                                  },
                                                  Object {
                                                    "backgroundColor": "#cccccc",
                                                    "borderColor": "#cccccc",
                                                  },
                                                ]
                              }
                    >
                              <Text
                                        accessible={true}
                                        allowFontScaling={true}
                                        ellipsizeMode="tail"
                                        style={
                                                  Array [
                                                            Object {
                                                              "color": "#b2b2b2",
                                                              "fontSize": 18,
                                                            },
                                                            Object {
                                                              "color": "#fff",
                                                            },
                                                          ]
                                        }
                              >
                                        For You
                              </Text>
                    </TouchableOpacity>
                    <TouchableOpacity
                              activeOpacity={0.2}
                              focusedOpacity={0.7}
                              onPress={[Function]}
                              style={
                                        Array [
                                                  Object {
                                                    "alignItems": "center",
                                                    "borderColor": "#b2b2b2",
                                                    "borderRadius": 50,
                                                    "borderWidth": 1,
                                                    "height": 43,
                                                    "justifyContent": "center",
                                                    "marginRight": 15,
                                                    "minWidth": 130,
                                                    "paddingVertical": 12,
                                                  },
                                                  null,
                                                ]
                              }
                    >
                              <Text
                                        accessible={true}
                                        allowFontScaling={true}
                                        ellipsizeMode="tail"
                                        style={
                                                  Array [
                                                            Object {
                                                              "color": "#b2b2b2",
                                                              "fontSize": 18,
                                                            },
                                                            null,
                                                          ]
                                        }
                              >
                                        Food
                              </Text>
                    </TouchableOpacity>
          </ScrollViewMock>
          <ProductList
                    callAddToCart={[Function]}
                    cart={
                              Object {
                                        "totalProducts": 0,
                                      }
                    }
                    products={
                              Array [
                                        Object {
                                          "price": "$3.49",
                                          "productCode": "1",
                                          "quantity": 1,
                                          "thumbnail_image": "image",
                                          "title": "Type 1 code 1",
                                        },
                                      ]
                    }
          />
</View>,
      },
      "_renderedNodeType": 1,
      "_rootNodeID": 0,
      "_topLevelWrapper": null,
      "_updateBatchNumber": null,
      "_warnedAboutRefsInRender": false,
    },
    "getRenderOutput": [Function],
    "render": [Function],
  },
  "root": [Circular],
  "unrendered": <HomeScreen
    addToCart={[Function]}
    cart={
        Object {
            "totalProducts": 0,
          }
    }
    deliveryType="1"
    products={
        Array [
            Object {
              "price": "$3.49",
              "productCode": "1",
              "quantity": 1,
              "thumbnail_image": "image",
              "title": "Type 1 code 1",
            },
          ]
    }
    selectFilter={[Function]}
/>,
}
`;
