// Jest Snapshot v1, https://goo.gl/fbAQLP

exports[`MenuButtonRight renders correctly 1`] = `
<TouchableOpacity
  activeOpacity={0.2}
  onPress={[Function]}
  style={
    Object {
      "marginHorizontal": 20,
    }
  }
>
  <Image
    resizeMode="contain"
    source={1}
    style={
      Object {
        "height": 23,
        "width": 23,
      }
    }
  />
</TouchableOpacity>
`;
