// Jest Snapshot v1, https://goo.gl/fbAQLP

exports[`CloseButton renders correctly 1`] = `
<TouchableOpacity
  activeOpacity={0.2}
  style={
    Array [
      Object {
        "marginLeft": 20,
      },
      undefined,
    ]
  }
>
  <Image
    resizeMode="contain"
    source={1}
    style={
      Object {
        "height": 20,
        "width": 20,
      }
    }
  />
</TouchableOpacity>
`;
