// Jest Snapshot v1, https://goo.gl/fbAQLP

exports[`CustomerPopup renders correctly 1`] = `
ShallowWrapper {
  "complexSelector": ComplexSelector {
    "buildPredicate": [Function],
    "childrenOfNode": [Function],
    "findWhereUnwrapped": [Function],
  },
  "length": 1,
  "node": <Component
    animationType="slide"
    hardwareAccelerated={false}
    onRequestClose={[Function]}
    style={undefined}
    transparent={true}
    visible={false}
>
    <View
        style={
            Object {
                "alignItems": "center",
                "backgroundColor": "rgba(0, 0, 0, 0)",
                "flex": 1,
                "justifyContent": "center",
              }
        }
    >
        <TouchableOpacity
            activeOpacity={1}
            focusedOpacity={0.7}
            onPress={[Function]}
            style={
                Object {
                    "bottom": 0,
                    "left": 0,
                    "position": "absolute",
                    "right": 0,
                    "top": 0,
                  }
            }
        >
            <Text
                accessible={true}
                allowFontScaling={true}
                ellipsizeMode="tail"
                style={
                    Object {
                        "color": "rgba(0, 0, 0, 0)",
                      }
                }
            >
                .
            </Text>
        </TouchableOpacity>
        <View
            style={
                Object {
                    "alignSelf": "stretch",
                    "backgroundColor": "#ffffff",
                    "borderRadius": 6,
                    "justifyContent": "center",
                    "marginHorizontal": 22,
                    "paddingHorizontal": 17,
                    "paddingVertical": 24,
                    "shadowColor": "#000",
                    "shadowOffset": Object {
                      "height": 10,
                      "width": 0,
                    },
                    "shadowOpacity": 0.5,
                    "shadowRadius": 24,
                  }
            }
        >
            <Text
                accessible={true}
                allowFontScaling={true}
                ellipsizeMode="tail"
                style={
                    Object {
                        "fontSize": 17.28,
                        "lineHeight": 24,
                        "marginHorizontal": 30,
                        "marginVertical": 16,
                        "textAlign": "center",
                      }
                }
            >
                Select the way you want to connect with customer service
            </Text>
            <View
                style={
                    Object {
                        "alignItems": "center",
                        "flexDirection": "row",
                        "justifyContent": "space-between",
                        "marginTop": 16,
                      }
                }
            >
                <View>
                    <TouchableOpacity
                        activeOpacity={0.2}
                        focusedOpacity={0.7}
                        onPress={[Function]}
                        style={
                            Object {
                                "alignItems": "center",
                                "backgroundColor": "#000000",
                                "borderRadius": 44.96,
                                "height": 89.92,
                                "justifyContent": "center",
                                "width": 89.92,
                              }
                        }
                    >
                        <Image
                            resizeMode="contain"
                            source={1}
                            style={
                                Object {
                                    "alignSelf": "center",
                                    "height": 29.973333333333333,
                                    "width": 29.973333333333333,
                                  }
                            }
                        />
                    </TouchableOpacity>
                    <Text
                        accessible={true}
                        allowFontScaling={true}
                        ellipsizeMode="tail"
                        style={
                            Object {
                                "alignSelf": "center",
                                "fontSize": 13.28,
                                "marginTop": 16,
                              }
                        }
                    >
                        CALL
                    </Text>
                </View>
                <View>
                    <TouchableOpacity
                        activeOpacity={0.2}
                        focusedOpacity={0.7}
                        onPress={[Function]}
                        style={
                            Object {
                                "alignItems": "center",
                                "backgroundColor": "#000000",
                                "borderRadius": 44.96,
                                "height": 89.92,
                                "justifyContent": "center",
                                "width": 89.92,
                              }
                        }
                    >
                        <Image
                            resizeMode="contain"
                            source={1}
                            style={
                                Object {
                                    "alignSelf": "center",
                                    "height": 29.973333333333333,
                                    "width": 29.973333333333333,
                                  }
                            }
                        />
                    </TouchableOpacity>
                    <Text
                        accessible={true}
                        allowFontScaling={true}
                        ellipsizeMode="tail"
                        style={
                            Object {
                                "alignSelf": "center",
                                "fontSize": 13.28,
                                "marginTop": 16,
                              }
                        }
                    >
                        LIVE CHAT
                    </Text>
                </View>
                <View>
                    <TouchableOpacity
                        activeOpacity={0.2}
                        focusedOpacity={0.7}
                        onPress={[Function]}
                        style={
                            Object {
                                "alignItems": "center",
                                "backgroundColor": "#000000",
                                "borderRadius": 44.96,
                                "height": 89.92,
                                "justifyContent": "center",
                                "width": 89.92,
                              }
                        }
                    >
                        <Image
                            resizeMode="contain"
                            source={1}
                            style={
                                Object {
                                    "alignSelf": "center",
                                    "height": 29.973333333333333,
                                    "width": 29.973333333333333,
                                  }
                            }
                        />
                    </TouchableOpacity>
                    <Text
                        accessible={true}
                        allowFontScaling={true}
                        ellipsizeMode="tail"
                        style={
                            Object {
                                "alignSelf": "center",
                                "fontSize": 13.28,
                                "marginTop": 16,
                              }
                        }
                    >
                        EMAIL
                    </Text>
                </View>
            </View>
        </View>
    </View>
</Component>,
  "nodes": Array [
    <Component
      animationType="slide"
      hardwareAccelerated={false}
      onRequestClose={[Function]}
      style={undefined}
      transparent={true}
      visible={false}
>
      <View
            style={
                  Object {
                        "alignItems": "center",
                        "backgroundColor": "rgba(0, 0, 0, 0)",
                        "flex": 1,
                        "justifyContent": "center",
                      }
            }
      >
            <TouchableOpacity
                  activeOpacity={1}
                  focusedOpacity={0.7}
                  onPress={[Function]}
                  style={
                        Object {
                              "bottom": 0,
                              "left": 0,
                              "position": "absolute",
                              "right": 0,
                              "top": 0,
                            }
                  }
            >
                  <Text
                        accessible={true}
                        allowFontScaling={true}
                        ellipsizeMode="tail"
                        style={
                              Object {
                                    "color": "rgba(0, 0, 0, 0)",
                                  }
                        }
                  >
                        .
                  </Text>
            </TouchableOpacity>
            <View
                  style={
                        Object {
                              "alignSelf": "stretch",
                              "backgroundColor": "#ffffff",
                              "borderRadius": 6,
                              "justifyContent": "center",
                              "marginHorizontal": 22,
                              "paddingHorizontal": 17,
                              "paddingVertical": 24,
                              "shadowColor": "#000",
                              "shadowOffset": Object {
                                "height": 10,
                                "width": 0,
                              },
                              "shadowOpacity": 0.5,
                              "shadowRadius": 24,
                            }
                  }
            >
                  <Text
                        accessible={true}
                        allowFontScaling={true}
                        ellipsizeMode="tail"
                        style={
                              Object {
                                    "fontSize": 17.28,
                                    "lineHeight": 24,
                                    "marginHorizontal": 30,
                                    "marginVertical": 16,
                                    "textAlign": "center",
                                  }
                        }
                  >
                        Select the way you want to connect with customer service
                  </Text>
                  <View
                        style={
                              Object {
                                    "alignItems": "center",
                                    "flexDirection": "row",
                                    "justifyContent": "space-between",
                                    "marginTop": 16,
                                  }
                        }
                  >
                        <View>
                              <TouchableOpacity
                                    activeOpacity={0.2}
                                    focusedOpacity={0.7}
                                    onPress={[Function]}
                                    style={
                                          Object {
                                                "alignItems": "center",
                                                "backgroundColor": "#000000",
                                                "borderRadius": 44.96,
                                                "height": 89.92,
                                                "justifyContent": "center",
                                                "width": 89.92,
                                              }
                                    }
                              >
                                    <Image
                                          resizeMode="contain"
                                          source={1}
                                          style={
                                                Object {
                                                      "alignSelf": "center",
                                                      "height": 29.973333333333333,
                                                      "width": 29.973333333333333,
                                                    }
                                          }
                                    />
                              </TouchableOpacity>
                              <Text
                                    accessible={true}
                                    allowFontScaling={true}
                                    ellipsizeMode="tail"
                                    style={
                                          Object {
                                                "alignSelf": "center",
                                                "fontSize": 13.28,
                                                "marginTop": 16,
                                              }
                                    }
                              >
                                    CALL
                              </Text>
                        </View>
                        <View>
                              <TouchableOpacity
                                    activeOpacity={0.2}
                                    focusedOpacity={0.7}
                                    onPress={[Function]}
                                    style={
                                          Object {
                                                "alignItems": "center",
                                                "backgroundColor": "#000000",
                                                "borderRadius": 44.96,
                                                "height": 89.92,
                                                "justifyContent": "center",
                                                "width": 89.92,
                                              }
                                    }
                              >
                                    <Image
                                          resizeMode="contain"
                                          source={1}
                                          style={
                                                Object {
                                                      "alignSelf": "center",
                                                      "height": 29.973333333333333,
                                                      "width": 29.973333333333333,
                                                    }
                                          }
                                    />
                              </TouchableOpacity>
                              <Text
                                    accessible={true}
                                    allowFontScaling={true}
                                    ellipsizeMode="tail"
                                    style={
                                          Object {
                                                "alignSelf": "center",
                                                "fontSize": 13.28,
                                                "marginTop": 16,
                                              }
                                    }
                              >
                                    LIVE CHAT
                              </Text>
                        </View>
                        <View>
                              <TouchableOpacity
                                    activeOpacity={0.2}
                                    focusedOpacity={0.7}
                                    onPress={[Function]}
                                    style={
                                          Object {
                                                "alignItems": "center",
                                                "backgroundColor": "#000000",
                                                "borderRadius": 44.96,
                                                "height": 89.92,
                                                "justifyContent": "center",
                                                "width": 89.92,
                                              }
                                    }
                              >
                                    <Image
                                          resizeMode="contain"
                                          source={1}
                                          style={
                                                Object {
                                                      "alignSelf": "center",
                                                      "height": 29.973333333333333,
                                                      "width": 29.973333333333333,
                                                    }
                                          }
                                    />
                              </TouchableOpacity>
                              <Text
                                    accessible={true}
                                    allowFontScaling={true}
                                    ellipsizeMode="tail"
                                    style={
                                          Object {
                                                "alignSelf": "center",
                                                "fontSize": 13.28,
                                                "marginTop": 16,
                                              }
                                    }
                              >
                                    EMAIL
                              </Text>
                        </View>
                  </View>
            </View>
      </View>
</Component>,
  ],
  "options": Object {
    "context": Object {
      "store": Object {
        "clearActions": [Function],
        "dispatch": [Function],
        "getActions": [Function],
        "getState": [Function],
        "replaceReducer": [Function],
        "subscribe": [Function],
      },
    },
  },
  "renderer": ReactShallowRenderer {
    "_instance": ShallowComponentWrapper {
      "_calledComponentWillUnmount": false,
      "_compositeType": 0,
      "_context": Object {
        "store": Object {
          "clearActions": [Function],
          "dispatch": [Function],
          "getActions": [Function],
          "getState": [Function],
          "replaceReducer": [Function],
          "subscribe": [Function],
        },
      },
      "_currentElement": <CustomerServicePopup
        closeModal={[Function]}
        openModal={true}
/>,
      "_debugID": 3,
      "_hostContainerInfo": null,
      "_hostParent": null,
      "_instance": CustomerServicePopup {
        "_reactInternalInstance": [Circular],
        "context": Object {},
        "props": Object {
          "closeModal": [Function],
          "openModal": true,
        },
        "refs": Object {},
        "state": Object {
          "modalVisible": false,
        },
        "updater": Object {
          "enqueueCallback": [Function],
          "enqueueCallbackInternal": [Function],
          "enqueueElementInternal": [Function],
          "enqueueForceUpdate": [Function],
          "enqueueReplaceState": [Function],
          "enqueueSetState": [Function],
          "isMounted": [Function],
          "validateCallback": [Function],
        },
      },
      "_mountOrder": 2,
      "_pendingCallbacks": null,
      "_pendingElement": null,
      "_pendingForceUpdate": false,
      "_pendingReplaceState": false,
      "_pendingStateQueue": null,
      "_renderedComponent": NoopInternalComponent {
        "_currentElement": <Component
          animationType="slide"
          hardwareAccelerated={false}
          onRequestClose={[Function]}
          style={undefined}
          transparent={true}
          visible={false}
>
          <View
                    style={
                              Object {
                                        "alignItems": "center",
                                        "backgroundColor": "rgba(0, 0, 0, 0)",
                                        "flex": 1,
                                        "justifyContent": "center",
                                      }
                    }
          >
                    <TouchableOpacity
                              activeOpacity={1}
                              focusedOpacity={0.7}
                              onPress={[Function]}
                              style={
                                        Object {
                                                  "bottom": 0,
                                                  "left": 0,
                                                  "position": "absolute",
                                                  "right": 0,
                                                  "top": 0,
                                                }
                              }
                    >
                              <Text
                                        accessible={true}
                                        allowFontScaling={true}
                                        ellipsizeMode="tail"
                                        style={
                                                  Object {
                                                            "color": "rgba(0, 0, 0, 0)",
                                                          }
                                        }
                              >
                                        .
                              </Text>
                    </TouchableOpacity>
                    <View
                              style={
                                        Object {
                                                  "alignSelf": "stretch",
                                                  "backgroundColor": "#ffffff",
                                                  "borderRadius": 6,
                                                  "justifyContent": "center",
                                                  "marginHorizontal": 22,
                                                  "paddingHorizontal": 17,
                                                  "paddingVertical": 24,
                                                  "shadowColor": "#000",
                                                  "shadowOffset": Object {
                                                    "height": 10,
                                                    "width": 0,
                                                  },
                                                  "shadowOpacity": 0.5,
                                                  "shadowRadius": 24,
                                                }
                              }
                    >
                              <Text
                                        accessible={true}
                                        allowFontScaling={true}
                                        ellipsizeMode="tail"
                                        style={
                                                  Object {
                                                            "fontSize": 17.28,
                                                            "lineHeight": 24,
                                                            "marginHorizontal": 30,
                                                            "marginVertical": 16,
                                                            "textAlign": "center",
                                                          }
                                        }
                              >
                                        Select the way you want to connect with customer service
                              </Text>
                              <View
                                        style={
                                                  Object {
                                                            "alignItems": "center",
                                                            "flexDirection": "row",
                                                            "justifyContent": "space-between",
                                                            "marginTop": 16,
                                                          }
                                        }
                              >
                                        <View>
                                                  <TouchableOpacity
                                                            activeOpacity={0.2}
                                                            focusedOpacity={0.7}
                                                            onPress={[Function]}
                                                            style={
                                                                      Object {
                                                                                "alignItems": "center",
                                                                                "backgroundColor": "#000000",
                                                                                "borderRadius": 44.96,
                                                                                "height": 89.92,
                                                                                "justifyContent": "center",
                                                                                "width": 89.92,
                                                                              }
                                                            }
                                                  >
                                                            <Image
                                                                      resizeMode="contain"
                                                                      source={1}
                                                                      style={
                                                                                Object {
                                                                                          "alignSelf": "center",
                                                                                          "height": 29.973333333333333,
                                                                                          "width": 29.973333333333333,
                                                                                        }
                                                                      }
                                                            />
                                                  </TouchableOpacity>
                                                  <Text
                                                            accessible={true}
                                                            allowFontScaling={true}
                                                            ellipsizeMode="tail"
                                                            style={
                                                                      Object {
                                                                                "alignSelf": "center",
                                                                                "fontSize": 13.28,
                                                                                "marginTop": 16,
                                                                              }
                                                            }
                                                  >
                                                            CALL
                                                  </Text>
                                        </View>
                                        <View>
                                                  <TouchableOpacity
                                                            activeOpacity={0.2}
                                                            focusedOpacity={0.7}
                                                            onPress={[Function]}
                                                            style={
                                                                      Object {
                                                                                "alignItems": "center",
                                                                                "backgroundColor": "#000000",
                                                                                "borderRadius": 44.96,
                                                                                "height": 89.92,
                                                                                "justifyContent": "center",
                                                                                "width": 89.92,
                                                                              }
                                                            }
                                                  >
                                                            <Image
                                                                      resizeMode="contain"
                                                                      source={1}
                                                                      style={
                                                                                Object {
                                                                                          "alignSelf": "center",
                                                                                          "height": 29.973333333333333,
                                                                                          "width": 29.973333333333333,
                                                                                        }
                                                                      }
                                                            />
                                                  </TouchableOpacity>
                                                  <Text
                                                            accessible={true}
                                                            allowFontScaling={true}
                                                            ellipsizeMode="tail"
                                                            style={
                                                                      Object {
                                                                                "alignSelf": "center",
                                                                                "fontSize": 13.28,
                                                                                "marginTop": 16,
                                                                              }
                                                            }
                                                  >
                                                            LIVE CHAT
                                                  </Text>
                                        </View>
                                        <View>
                                                  <TouchableOpacity
                                                            activeOpacity={0.2}
                                                            focusedOpacity={0.7}
                                                            onPress={[Function]}
                                                            style={
                                                                      Object {
                                                                                "alignItems": "center",
                                                                                "backgroundColor": "#000000",
                                                                                "borderRadius": 44.96,
                                                                                "height": 89.92,
                                                                                "justifyContent": "center",
                                                                                "width": 89.92,
                                                                              }
                                                            }
                                                  >
                                                            <Image
                                                                      resizeMode="contain"
                                                                      source={1}
                                                                      style={
                                                                                Object {
                                                                                          "alignSelf": "center",
                                                                                          "height": 29.973333333333333,
                                                                                          "width": 29.973333333333333,
                                                                                        }
                                                                      }
                                                            />
                                                  </TouchableOpacity>
                                                  <Text
                                                            accessible={true}
                                                            allowFontScaling={true}
                                                            ellipsizeMode="tail"
                                                            style={
                                                                      Object {
                                                                                "alignSelf": "center",
                                                                                "fontSize": 13.28,
                                                                                "marginTop": 16,
                                                                              }
                                                            }
                                                  >
                                                            EMAIL
                                                  </Text>
                                        </View>
                              </View>
                    </View>
          </View>
</Component>,
        "_debugID": 4,
        "_renderedOutput": <Component
          animationType="slide"
          hardwareAccelerated={false}
          onRequestClose={[Function]}
          style={undefined}
          transparent={true}
          visible={false}
>
          <View
                    style={
                              Object {
                                        "alignItems": "center",
                                        "backgroundColor": "rgba(0, 0, 0, 0)",
                                        "flex": 1,
                                        "justifyContent": "center",
                                      }
                    }
          >
                    <TouchableOpacity
                              activeOpacity={1}
                              focusedOpacity={0.7}
                              onPress={[Function]}
                              style={
                                        Object {
                                                  "bottom": 0,
                                                  "left": 0,
                                                  "position": "absolute",
                                                  "right": 0,
                                                  "top": 0,
                                                }
                              }
                    >
                              <Text
                                        accessible={true}
                                        allowFontScaling={true}
                                        ellipsizeMode="tail"
                                        style={
                                                  Object {
                                                            "color": "rgba(0, 0, 0, 0)",
                                                          }
                                        }
                              >
                                        .
                              </Text>
                    </TouchableOpacity>
                    <View
                              style={
                                        Object {
                                                  "alignSelf": "stretch",
                                                  "backgroundColor": "#ffffff",
                                                  "borderRadius": 6,
                                                  "justifyContent": "center",
                                                  "marginHorizontal": 22,
                                                  "paddingHorizontal": 17,
                                                  "paddingVertical": 24,
                                                  "shadowColor": "#000",
                                                  "shadowOffset": Object {
                                                    "height": 10,
                                                    "width": 0,
                                                  },
                                                  "shadowOpacity": 0.5,
                                                  "shadowRadius": 24,
                                                }
                              }
                    >
                              <Text
                                        accessible={true}
                                        allowFontScaling={true}
                                        ellipsizeMode="tail"
                                        style={
                                                  Object {
                                                            "fontSize": 17.28,
                                                            "lineHeight": 24,
                                                            "marginHorizontal": 30,
                                                            "marginVertical": 16,
                                                            "textAlign": "center",
                                                          }
                                        }
                              >
                                        Select the way you want to connect with customer service
                              </Text>
                              <View
                                        style={
                                                  Object {
                                                            "alignItems": "center",
                                                            "flexDirection": "row",
                                                            "justifyContent": "space-between",
                                                            "marginTop": 16,
                                                          }
                                        }
                              >
                                        <View>
                                                  <TouchableOpacity
                                                            activeOpacity={0.2}
                                                            focusedOpacity={0.7}
                                                            onPress={[Function]}
                                                            style={
                                                                      Object {
                                                                                "alignItems": "center",
                                                                                "backgroundColor": "#000000",
                                                                                "borderRadius": 44.96,
                                                                                "height": 89.92,
                                                                                "justifyContent": "center",
                                                                                "width": 89.92,
                                                                              }
                                                            }
                                                  >
                                                            <Image
                                                                      resizeMode="contain"
                                                                      source={1}
                                                                      style={
                                                                                Object {
                                                                                          "alignSelf": "center",
                                                                                          "height": 29.973333333333333,
                                                                                          "width": 29.973333333333333,
                                                                                        }
                                                                      }
                                                            />
                                                  </TouchableOpacity>
                                                  <Text
                                                            accessible={true}
                                                            allowFontScaling={true}
                                                            ellipsizeMode="tail"
                                                            style={
                                                                      Object {
                                                                                "alignSelf": "center",
                                                                                "fontSize": 13.28,
                                                                                "marginTop": 16,
                                                                              }
                                                            }
                                                  >
                                                            CALL
                                                  </Text>
                                        </View>
                                        <View>
                                                  <TouchableOpacity
                                                            activeOpacity={0.2}
                                                            focusedOpacity={0.7}
                                                            onPress={[Function]}
                                                            style={
                                                                      Object {
                                                                                "alignItems": "center",
                                                                                "backgroundColor": "#000000",
                                                                                "borderRadius": 44.96,
                                                                                "height": 89.92,
                                                                                "justifyContent": "center",
                                                                                "width": 89.92,
                                                                              }
                                                            }
                                                  >
                                                            <Image
                                                                      resizeMode="contain"
                                                                      source={1}
                                                                      style={
                                                                                Object {
                                                                                          "alignSelf": "center",
                                                                                          "height": 29.973333333333333,
                                                                                          "width": 29.973333333333333,
                                                                                        }
                                                                      }
                                                            />
                                                  </TouchableOpacity>
                                                  <Text
                                                            accessible={true}
                                                            allowFontScaling={true}
                                                            ellipsizeMode="tail"
                                                            style={
                                                                      Object {
                                                                                "alignSelf": "center",
                                                                                "fontSize": 13.28,
                                                                                "marginTop": 16,
                                                                              }
                                                            }
                                                  >
                                                            LIVE CHAT
                                                  </Text>
                                        </View>
                                        <View>
                                                  <TouchableOpacity
                                                            activeOpacity={0.2}
                                                            focusedOpacity={0.7}
                                                            onPress={[Function]}
                                                            style={
                                                                      Object {
                                                                                "alignItems": "center",
                                                                                "backgroundColor": "#000000",
                                                                                "borderRadius": 44.96,
                                                                                "height": 89.92,
                                                                                "justifyContent": "center",
                                                                                "width": 89.92,
                                                                              }
                                                            }
                                                  >
                                                            <Image
                                                                      resizeMode="contain"
                                                                      source={1}
                                                                      style={
                                                                                Object {
                                                                                          "alignSelf": "center",
                                                                                          "height": 29.973333333333333,
                                                                                          "width": 29.973333333333333,
                                                                                        }
                                                                      }
                                                            />
                                                  </TouchableOpacity>
                                                  <Text
                                                            accessible={true}
                                                            allowFontScaling={true}
                                                            ellipsizeMode="tail"
                                                            style={
                                                                      Object {
                                                                                "alignSelf": "center",
                                                                                "fontSize": 13.28,
                                                                                "marginTop": 16,
                                                                              }
                                                            }
                                                  >
                                                            EMAIL
                                                  </Text>
                                        </View>
                              </View>
                    </View>
          </View>
</Component>,
      },
      "_renderedNodeType": 1,
      "_rootNodeID": 0,
      "_topLevelWrapper": null,
      "_updateBatchNumber": null,
      "_warnedAboutRefsInRender": false,
    },
    "getRenderOutput": [Function],
    "render": [Function],
  },
  "root": [Circular],
  "unrendered": <CustomerServicePopup
    closeModal={[Function]}
    openModal={true}
/>,
}
`;
