// Jest Snapshot v1, https://goo.gl/fbAQLP

exports[`Spinner renders correctly 1`] = `
<View
  style={
    Array [
      Object {
        "alignItems": "center",
        "justifyContent": "center",
      },
      undefined,
    ]
  }
>
  <View
    style={
      Object {
        "alignItems": "center",
        "borderColor": "#000000",
        "borderRadius": 66,
        "borderWidth": 5,
        "flexDirection": "row",
        "height": 132,
        "justifyContent": "center",
        "width": 132,
      }
    }
  >
    <Image
      source={1}
      style={
        Object {
          "backgroundColor": "#000000",
          "borderRadius": 56,
          "height": 112,
          "width": 112,
        }
      }
    />
  </View>
  <AnimatedComponent
    style={
      Array [
        Object {
          "height": 132,
          "overflow": "visible",
          "position": "absolute",
          "width": 132,
        },
        Object {
          "transform": Array [
            Object {
              "rotate": "0deg",
            },
          ],
        },
      ]
    }
  >
    <Image
      source={1}
      style={
        Array [
          Object {
            "height": 112,
            "left": "50%",
            "position": "absolute",
            "top": "50%",
            "transform": Array [
              Object {
                "translate": Array [
                  0,
                  -112,
                ],
              },
              Object {
                "scale": 1,
              },
            ],
            "width": 112,
          },
        ]
      }
    />
    <Image
      source={1}
      style={
        Object {
          "height": 112,
          "left": "50%",
          "position": "absolute",
          "top": "50%",
          "transform": Array [
            Object {
              "translate": Array [
                -56,
                -56,
              ],
            },
            Object {
              "scale": 1.4,
            },
          ],
          "width": 112,
        }
      }
    />
  </AnimatedComponent>
</View>
`;
