// Jest Snapshot v1, https://goo.gl/fbAQLP

exports[`SuccessState renders correctly 1`] = `
<View
  style={
    Array [
      Object {
        "alignItems": "center",
        "backgroundColor": "#fff",
        "justifyContent": "center",
      },
      undefined,
    ]
  }
>
  <AnimatedComponent
    source={1}
    style={
      Array [
        Object {
          "height": 112,
          "width": 112,
        },
        Object {
          "opacity": 0,
        },
      ]
    }
  />
</View>
`;
